// Jest Snapshot v1, https://goo.gl/fbAQLP

exports[`ChatMessageEditorModal should render correctly 1`] = `
<div
  className="checklist-chat-modal-backdrop"
  role="dialog"
  tabIndex="-1"
>
  <div
    className="modal-dialog checklist-chat-modal-dialog"
    role="document"
  >
    <div
      className="modal-content"
    >
      <form
        onSubmit={[Function]}
      >
        <div
          className="modal-header bg-primary text-white"
        >
          <button
            aria-label="Close"
            className="close"
            onClick={[Function]}
            type="button"
          >
            <span
              aria-hidden="true"
            >
              Ã—
            </span>
          </button>
          <h4
            className="modal-title display-linebreaks"
          >
            Say Something...
          </h4>
        </div>
        <div
          className="modal-body"
        >
          <div
            className="form-group"
          >
            <label
              htmlFor="text"
            >
              Message
            </label>
            <div
              className="field"
            >
              <textarea
                className="form-control"
                name="text"
                onChange={[Function]}
                placeholder={undefined}
                rows={3}
                value=""
              />
            </div>
          </div>
        </div>
        <div
          className="modal-footer"
        >
          <div>
            <input
              className="btn btn-default"
              onClick={[Function]}
              type="button"
              value="Cancel"
            />
            <input
              className="btn btn-primary"
              type="submit"
              value="Submit"
            />
          </div>
        </div>
      </form>
    </div>
  </div>
</div>
`;
