// Jest Snapshot v1, https://goo.gl/fbAQLP

exports[`ChatParticipantsModal should render correctly 1`] = `
<div
  className="checklist-chat-modal-backdrop"
  role="dialog"
  tabIndex="-1"
>
  <div
    className="modal-dialog checklist-chat-modal-dialog"
    role="document"
  >
    <div
      className="modal-content"
    >
      <form
        onSubmit={[Function]}
      >
        <div
          className="modal-header bg-primary text-white"
        >
          <button
            aria-label="Close"
            className="close"
            onClick={[Function]}
            type="button"
          >
            <span
              aria-hidden="true"
            >
              Ã—
            </span>
          </button>
          <h4
            className="modal-title display-linebreaks"
          >
            Who's Here?
          </h4>
        </div>
        <div
          className="modal-body"
        >
          <div
            className="chat-participants"
          >
            <table
              className="table"
            >
              <thead>
                <tr>
                  <th>
                    Name
                  </th>
                  <th>
                    Department
                  </th>
                  <th>
                    Title
                  </th>
                  <th>
                    Connection
                  </th>
                </tr>
              </thead>
              <tbody>
                <tr>
                  <td>
                    name 1
                  </td>
                  <td>
                    department 1
                  </td>
                  <td>
                    title 1
                  </td>
                  <td>
                    connection 1
                  </td>
                </tr>
                <tr>
                  <td>
                    name 2
                  </td>
                  <td>
                    department 2
                  </td>
                  <td>
                    title 2
                  </td>
                  <td>
                    connection 2
                  </td>
                </tr>
                <tr>
                  <td>
                    name 3
                  </td>
                  <td>
                    department 3
                  </td>
                  <td>
                    title 3
                  </td>
                  <td>
                    connection 3
                  </td>
                </tr>
                <tr>
                  <td>
                    name 4
                  </td>
                  <td>
                    department 4
                  </td>
                  <td>
                    title 4
                  </td>
                  <td>
                    connection 4
                  </td>
                </tr>
                <tr>
                  <td>
                    name 5
                  </td>
                  <td>
                    department 5
                  </td>
                  <td>
                    title 5
                  </td>
                  <td>
                    connection 5
                  </td>
                </tr>
              </tbody>
            </table>
          </div>
        </div>
        <div
          className="modal-footer"
        >
          <input
            className="btn btn-primary"
            onClick={[Function]}
            type="button"
            value="Close"
          />
        </div>
      </form>
    </div>
  </div>
</div>
`;
